Microchip MPLAB XC8 Compiler V1.31 ()

Linker command line:

--edf=C:\Program Files (x86)\Microchip\xc8\v1.31\dat\en_msgs.txt -cs \
  -h+dist/default/production\WiflyMPLABXC8.production.sym \
  --cmf=dist/default/production\WiflyMPLABXC8.production.cmf -z -Q18F4550 \
  -oC:\Users\Sandro\AppData\Local\Temp\s5dg.6 \
  -Mdist/default/production/WiflyMPLABXC8.production.map -E1 -ver=XC8 \
  -ASTACK=0A0h-07ffh -pstack=STACK \
  -ACODE=01000h-01005h,01008h-01015h,01018h-07FFFh \
  -ACONST=01000h-01005h,01008h-01015h,01018h-07FFFh \
  -ASMALLCONST=01000h-01005h,01008h-01015h,01018h-010FFh,01100h-011FFhx111 \
  -AMEDIUMCONST=01000h-01005h,01008h-01015h,01018h-07FFFh -ACOMRAM=01h-05Fh \
  -AABS1=00h-07FFh -ABIGRAM=01h-07FFh -ARAM=060h-0FFh,0100h-01FFhx7 \
  -ABANK0=060h-0FFh -ABANK1=0100h-01FFh -ABANK2=0200h-02FFh \
  -ABANK3=0300h-03FFh -ABANK4=0400h-04FFh -ABANK5=0500h-05FFh \
  -ABANK6=0600h-06FFh -ABANK7=0700h-07FFh -ASFR=0F60h-0FFFh \
  -preset_vec=01000h,intcode=01008h,intcodelo,powerup,init,end_init \
  -pramtop=0800h -psmallconst=SMALLCONST -pmediumconst=MEDIUMCONST \
  -pconst=CONST -AFARRAM=00h-00h -ACONFIG=0300000h-030000Dh -pconfig=CONFIG \
  -AIDLOC=0200000h-0200007h -pidloc=IDLOC -AEEDATA=0F00000h-0F000FFh \
  -peeprom_data=EEDATA \
  -prdata=COMRAM,nvrram=COMRAM,nvbit=COMRAM,rbss=COMRAM,rbit=COMRAM \
  -pfarbss=FARRAM,fardata=FARRAM,nvFARRAM=FARRAM \
  -pintsave_regs=BIGRAM,bigbss=BIGRAM,bigdata=BIGRAM -pbss=RAM \
  -pidata=CODE,irdata=CODE,ibigdata=CODE,ifardata=CODE \
  C:\Users\Sandro\AppData\Local\Temp\s5dg.obj \
  dist/default/production\WiflyMPLABXC8.production.obj 

Object code version is 3.11

Machine type is 18F4550

Call graph: (short form)




                Name                               Link     Load   Length Selector   Space Scale
C:\Users\Sandro\AppData\Local\Temp\s5dg.obj
                end_init                           1018     1018        4      804       0
                reset_vec                          1000     1000        4      800       0
                idloc                            200000   200000        8   200000       0
                config                           300000   300000        E   300000       0
dist/default/production\WiflyMPLABXC8.production.obj
                intcode                            1008     1008       10      804       0
                mediumconst                        7E5A     7E5A      1A6     3F2D       0
                text24                             588E     588E       1E     2C47       0
                text23                             61CC     61CC      130     30E6       0
                text22                             62FC     62FC      136     317E       0
                text21                             5EAA     5EAA      106     2F55       0
                intcode_body                       6432     6432      1C4     3219       0
                text19                             5C74     5C74       9C     2E3A       0
                text18                             5A36     5A36       56     2D1B       0
                text17                             587A     587A       14     2C3D       0
                text16                             59E2     59E2       54     2CF1       0
                text15                             5856     5856       12     2C2B       0
                text14                             5D10     5D10       A4     2E88       0
                text13                             5FB0     5FB0      106     2FD8       0
                text12                             58AC     58AC       2C     2C56       0
                text11                             5846     5846       10     2C23       0
                text10                             5868     5868       12     2C34       0
                text9                              58D8     58D8       3A     2C6C       0
                text8                              599A     599A       48     2CCD       0
                text7                              65F6     65F6     1864     32FB       0
                text6                              5BE8     5BE8       8C     2DF4       0
                text5                              5954     5954       46     2CAA       0
                text4                              60B6     60B6      116     305B       0
                text3                              5A8C     5A8C       58     2D46       0
                text2                              5B62     5B62       86     2DB1       0
                text1                              5AE4     5AE4       7E     2D72       0
                text0                              5DB4     5DB4       F6     2EDA       0
                cstackCOMRAM                          1        1       35        1       1
                bssBANK0                             60       60       40       60       1
                dataCOMRAM                           49       49        4        1       1
                bssCOMRAM                            36       36       13        1       1
                cinit                              5912     5912       42     2C89       0
                idataCOMRAM                        5842     5842        4     5842       0

TOTAL           Name                               Link     Load   Length     Space
        CLASS   STACK          

        CLASS   CODE           
                end_init                           1018     1018        4         0
                intcode                            1008     1008       10         0
                reset_vec                          1000     1000        4         0
                text24                             588E     588E       1E         0
                text23                             61CC     61CC      130         0
                text22                             62FC     62FC      136         0
                text21                             5EAA     5EAA      106         0
                intcode_body                       6432     6432      1C4         0
                text19                             5C74     5C74       9C         0
                text18                             5A36     5A36       56         0
                text17                             587A     587A       14         0
                text16                             59E2     59E2       54         0
                text15                             5856     5856       12         0
                text14                             5D10     5D10       A4         0
                text13                             5FB0     5FB0      106         0
                text12                             58AC     58AC       2C         0
                text11                             5846     5846       10         0
                text10                             5868     5868       12         0
                text9                              58D8     58D8       3A         0
                text8                              599A     599A       48         0
                text7                              65F6     65F6     1864         0
                text6                              5BE8     5BE8       8C         0
                text5                              5954     5954       46         0
                text4                              60B6     60B6      116         0
                text3                              5A8C     5A8C       58         0
                text2                              5B62     5B62       86         0
                text1                              5AE4     5AE4       7E         0
                text0                              5DB4     5DB4       F6         0
                cinit                              5912     5912       42         0
                idataCOMRAM                        5842     5842        4         0

        CLASS   CONST          

        CLASS   SMALLCONST     

        CLASS   MEDIUMCONST    
                mediumconst                        7E5A     7E5A      1A6         0

        CLASS   COMRAM         
                cstackCOMRAM                          1        1       35         1
                dataCOMRAM                           49       49        4         1
                bssCOMRAM                            36       36       13         1

        CLASS   ABS1           

        CLASS   BIGRAM         

        CLASS   RAM            

        CLASS   BANK0          
                bssBANK0                             60       60       40         1

        CLASS   BANK1          

        CLASS   BANK2          

        CLASS   BANK3          

        CLASS   BANK4          

        CLASS   BANK5          

        CLASS   BANK6          

        CLASS   BANK7          

        CLASS   SFR            

        CLASS   FARRAM         

        CLASS   CONFIG         
                config                           300000   300000        E         0

        CLASS   IDLOC          
                idloc                            200000   200000        8         0

        CLASS   EEDATA         



SEGMENTS        Name                           Load    Length   Top    Selector   Space  Class

                cstackCOMRAM                   000001  00004C  00004D         1       1  COMRAM  
                bssBANK0                       000060  000040  0000A0        60       1  BANK0   
                reset_vec                      001000  000004  001004       800       0  CODE    
                intcode                        001008  000014  00101C       804       0  CODE    
                idataCOMRAM                    005842  000004  005846      5842       0  CODE    
                text11                         005846  000010  005856      2C23       0  CODE    
                text15                         005856  000012  005868      2C2B       0  CODE    
                text10                         005868  000012  00587A      2C34       0  CODE    
                text17                         00587A  000014  00588E      2C3D       0  CODE    
                text24                         00588E  00001E  0058AC      2C47       0  CODE    
                text12                         0058AC  00002C  0058D8      2C56       0  CODE    
                text9                          0058D8  00003A  005912      2C6C       0  CODE    
                cinit                          005912  000042  005954      2C89       0  CODE    
                text5                          005954  000046  00599A      2CAA       0  CODE    
                text8                          00599A  000048  0059E2      2CCD       0  CODE    
                text16                         0059E2  000054  005A36      2CF1       0  CODE    
                text18                         005A36  000056  005A8C      2D1B       0  CODE    
                text3                          005A8C  000058  005AE4      2D46       0  CODE    
                text1                          005AE4  00007E  005B62      2D72       0  CODE    
                text2                          005B62  000086  005BE8      2DB1       0  CODE    
                text6                          005BE8  00008C  005C74      2DF4       0  CODE    
                text19                         005C74  00009C  005D10      2E3A       0  CODE    
                text14                         005D10  0000A4  005DB4      2E88       0  CODE    
                text0                          005DB4  0000F6  005EAA      2EDA       0  CODE    
                text21                         005EAA  000106  005FB0      2F55       0  CODE    
                text13                         005FB0  000106  0060B6      2FD8       0  CODE    
                text4                          0060B6  000116  0061CC      305B       0  CODE    
                text23                         0061CC  000130  0062FC      30E6       0  CODE    
                text22                         0062FC  000136  006432      317E       0  CODE    
                intcode_body                   006432  0001C4  0065F6      3219       0  CODE    
                text7                          0065F6  001864  007E5A      32FB       0  CODE    
                mediumconst                    007E5A  0001A6  008000      3F2D       0  MEDIUMCO
                idloc                          200000  000008  200008    200000       0  IDLOC   
                config                         300000  00000E  30000E    300000       0  CONFIG  


UNUSED ADDRESS RANGES

        Name                Unused          Largest block    Delta
        BANK0            0000A0-0000FF               60
        BANK1            000100-0001FF              100
        BANK2            000200-0002FF              100
        BANK3            000300-0003FF              100
        BANK4            000400-0004FF              100
        BANK5            000500-0005FF              100
        BANK6            000600-0006FF              100
        BANK7            000700-0007FF              100
        BIGRAM           00004D-00005F               13
                         0000A0-0007FF              760
        CODE             001004-001005                2
                         00101C-005841             4826
        COMRAM           00004D-00005F               13
        CONST            001004-001005                2
                         00101C-005841             4826
        EEDATA           F00000-F000FF              100
        FARRAM           000000-000000                1
        MEDIUMCONST      001004-001005                2
                         00101C-005841             4826
        RAM              0000A0-0007FF              100
        SFR              000F60-000FFF               A0
        SMALLCONST       001004-001005                2
                         00101C-005841              100
        STACK            0000A0-0007FF              760

                                  Symbol Table

?___awmod                      cstackCOMRAM 000014
?___lldiv                      cstackCOMRAM 000014
?___lwdiv                      cstackCOMRAM 00001B
?___lwmod                      cstackCOMRAM 000023
?___wmul                       cstackCOMRAM 000014
?_le_AD10bits                  cstackCOMRAM 00001E
Delay1KTCYx@unit               cstackCOMRAM 000014
ReadUSART@data                 cstackCOMRAM 000001
_ADCON0                        (abs)        000FC2
_ADCON0bits                    (abs)        000FC2
_ADCON1                        (abs)        000FC1
_ADCON2                        (abs)        000FC0
_ADCON2bits                    (abs)        000FC0
_ADRES                         (abs)        000FC3
_ADRESH                        (abs)        000FC4
_ADvalue                       bssCOMRAM    000036
_AT1                           bssCOMRAM    000038
_AT2                           bssCOMRAM    00003A
_BAUDCON                       (abs)        000FB8
_BAUDCONbits                   (abs)        000FB8
_CCP1CON                       (abs)        000FBD
_CCP2CON                       (abs)        000FBA
_CCPR1L                        (abs)        000FBE
_CCPR2L                        (abs)        000FBB
_Delay1KTCYx                   text10       005868
_EEADR                         (abs)        000FA9
_EECON1                        (abs)        000FA6
_EECON1bits                    (abs)        000FA6
_EECON2                        (abs)        000FA7
_EEDATA                        (abs)        000FA8
_INTCON2bits                   (abs)        000FF1
_INTCON3bits                   (abs)        000FF0
_INTCONbits                    (abs)        000FF2
_IPR1bits                      (abs)        000F9F
_LATA                          (abs)        000F89
_LATB                          (abs)        000F8A
_LATC                          (abs)        000F8B
_PIE1bits                      (abs)        000F9D
_PIE2bits                      (abs)        000FA0
_PIR1bits                      (abs)        000F9E
_PORTAbits                     (abs)        000F80
_PORTBbits                     (abs)        000F81
_PORTCbits                     (abs)        000F82
_PORTDbits                     (abs)        000F83
_PR2                           (abs)        000FCB
_R                             dataCOMRAM   000049
_RCONbits                      (abs)        000FD0
_RCREG                         (abs)        000FAE
_RCSTA                         (abs)        000FAB
_RCSTAbits                     (abs)        000FAB
_REG                           dataCOMRAM   00004B
_REGad                         dataCOMRAM   00004C
_ReadUSART                     text24       00588E
_SPBRG                         (abs)        000FAF
_SPBRGH                        (abs)        000FB0
_T0CON                         (abs)        000FD5
_T0CONbits                     (abs)        000FD5
_T1CONbits                     (abs)        000FCD
_T2CON                         (abs)        000FCA
_T2CONbits                     (abs)        000FCA
_T3CONbits                     (abs)        000FB1
_TMR0H                         (abs)        000FD7
_TMR0L                         (abs)        000FD6
_TMR1H                         (abs)        000FCF
_TMR1L                         (abs)        000FCE
_TMR3H                         (abs)        000FB3
_TMR3L                         (abs)        000FB2
_TRISA                         (abs)        000F92
_TRISAbits                     (abs)        000F92
_TRISB                         (abs)        000F93
_TRISBbits                     (abs)        000F93
_TRISC                         (abs)        000F94
_TRISCbits                     (abs)        000F94
_TRISDbits                     (abs)        000F95
_TXREG                         (abs)        000FAD
_TXSTA                         (abs)        000FAC
_TXSTAbits                     (abs)        000FAC
_USART_Status                  bssCOMRAM    000044
_WDTCONbits                    (abs)        000FD1
__HRAM                         (abs)        000000
__Habs1                        abs1         000000
__Hbank0                       bank0        000000
__Hbank1                       bank1        000000
__Hbank2                       bank2        000000
__Hbank3                       bank3        000000
__Hbank4                       bank4        000000
__Hbank5                       bank5        000000
__Hbank6                       bank6        000000
__Hbank7                       bank7        000000
__Hbigbss                      bigbss       000000
__Hbigdata                     bigdata      000000
__Hbigram                      bigram       000000
__Hbss                         bss          000000
__HbssBANK0                    bssBANK0     000000
__HbssCOMRAM                   bssCOMRAM    000000
__Hcinit                       cinit        000000
__Hclrtext                     clrtext      000000
__Hcomram                      comram       000000
__Hconfig                      config       30000E
__Hconst                       const        000000
__HcstackCOMRAM                cstackCOMRAM 000000
__Hdata                        data         000000
__HdataCOMRAM                  dataCOMRAM   000000
__Heeprom_data                 eeprom_data  000000
__Hend_init                    end_init     00101C
__Hfarbss                      farbss       000000
__Hfardata                     fardata      000000
__Hibigdata                    ibigdata     000000
__Hidata                       idata        000000
__HidataCOMRAM                 idataCOMRAM  000000
__Hidloc                       idloc        200008
__Hifardata                    ifardata     000000
__Hinit                        init         001018
__Hintcode                     intcode      001018
__Hintcode_body                intcode_body 000000
__Hintcodelo                   intcodelo    001018
__Hintentry                    intentry     000000
__Hintret                      intret       000000
__Hintsave_regs                intsave_regs 000000
__Hirdata                      irdata       000000
__Hmediumconst                 mediumconst  008000
__HnvFARRAM                    nvFARRAM     000000
__Hnvbit                       nvbit        000000
__Hnvrram                      nvrram       000000
__Hparam                       rparam       000000
__Hpowerup                     powerup      001018
__Hram                         ram          000000
__Hramtop                      ramtop       000800
__Hrbit                        rbit         000000
__Hrbss                        rbss         000000
__Hrdata                       rdata        000000
__Hreset_vec                   reset_vec    001004
__Hrparam                      rparam       000000
__Hsfr                         sfr          000000
__Hsmallconst                  smallconst   000000
__Hstack                       stack        000000
__Hstruct                      struct       000000
__Htemp                        temp         000000
__Htext                        text         000000
__Htext0                       text0        000000
__Htext1                       text1        000000
__Htext10                      text10       000000
__Htext11                      text11       000000
__Htext12                      text12       000000
__Htext13                      text13       000000
__Htext14                      text14       000000
__Htext15                      text15       000000
__Htext16                      text16       000000
__Htext17                      text17       000000
__Htext18                      text18       000000
__Htext19                      text19       000000
__Htext2                       text2        000000
__Htext21                      text21       000000
__Htext22                      text22       000000
__Htext23                      text23       000000
__Htext24                      text24       000000
__Htext3                       text3        000000
__Htext4                       text4        000000
__Htext5                       text5        000000
__Htext6                       text6        000000
__Htext7                       text7        000000
__Htext8                       text8        000000
__Htext9                       text9        000000
__LRAM                         (abs)        000001
__Labs1                        abs1         000000
__Lbank0                       bank0        000000
__Lbank1                       bank1        000000
__Lbank2                       bank2        000000
__Lbank3                       bank3        000000
__Lbank4                       bank4        000000
__Lbank5                       bank5        000000
__Lbank6                       bank6        000000
__Lbank7                       bank7        000000
__Lbigbss                      bigbss       000000
__Lbigdata                     bigdata      000000
__Lbigram                      bigram       000000
__Lbss                         bss          000000
__LbssBANK0                    bssBANK0     000000
__LbssCOMRAM                   bssCOMRAM    000000
__Lcinit                       cinit        000000
__Lclrtext                     clrtext      000000
__Lcomram                      comram       000000
__Lconfig                      config       300000
__Lconst                       const        000000
__LcstackCOMRAM                cstackCOMRAM 000000
__Ldata                        data         000000
__LdataCOMRAM                  dataCOMRAM   000000
__Leeprom_data                 eeprom_data  000000
__Lend_init                    end_init     001018
__Lfarbss                      farbss       000000
__Lfardata                     fardata      000000
__Libigdata                    ibigdata     000000
__Lidata                       idata        000000
__LidataCOMRAM                 idataCOMRAM  000000
__Lidloc                       idloc        200000
__Lifardata                    ifardata     000000
__Linit                        init         001018
__Lintcode                     intcode      001008
__Lintcode_body                intcode_body 000000
__Lintcodelo                   intcodelo    001018
__Lintentry                    intentry     000000
__Lintret                      intret       000000
__Lintsave_regs                intsave_regs 000000
__Lirdata                      irdata       000000
__Lmediumconst                 mediumconst  007E5A
__LnvFARRAM                    nvFARRAM     000000
__Lnvbit                       nvbit        000000
__Lnvrram                      nvrram       000000
__Lparam                       rparam       000000
__Lpowerup                     powerup      001018
__Lram                         ram          000000
__Lramtop                      ramtop       000800
__Lrbit                        rbit         000000
__Lrbss                        rbss         000000
__Lrdata                       rdata        000000
__Lreset_vec                   reset_vec    001000
__Lrparam                      rparam       000000
__Lsfr                         sfr          000000
__Lsmallconst                  smallconst   000000
__Lstack                       stack        000000
__Lstruct                      struct       000000
__Ltemp                        temp         000000
__Ltext                        text         000000
__Ltext0                       text0        000000
__Ltext1                       text1        000000
__Ltext10                      text10       000000
__Ltext11                      text11       000000
__Ltext12                      text12       000000
__Ltext13                      text13       000000
__Ltext14                      text14       000000
__Ltext15                      text15       000000
__Ltext16                      text16       000000
__Ltext17                      text17       000000
__Ltext18                      text18       000000
__Ltext19                      text19       000000
__Ltext2                       text2        000000
__Ltext21                      text21       000000
__Ltext22                      text22       000000
__Ltext23                      text23       000000
__Ltext24                      text24       000000
__Ltext3                       text3        000000
__Ltext4                       text4        000000
__Ltext5                       text5        000000
__Ltext6                       text6        000000
__Ltext7                       text7        000000
__Ltext8                       text8        000000
__Ltext9                       text9        000000
__S0                           (abs)        30000E
__S1                           (abs)        0000A0
__S2                           (abs)        000000
___awmod                       text19       005C74
___awmod@counter               cstackCOMRAM 000019
___awmod@dividend              cstackCOMRAM 000014
___awmod@divisor               cstackCOMRAM 000016
___awmod@sign                  cstackCOMRAM 00001A
___inthi_sp                    stack        000000
___intlo_sp                    stack        000000
___lldiv                       text2        005B62
___lldiv@counter               cstackCOMRAM 000021
___lldiv@dividend              cstackCOMRAM 000014
___lldiv@divisor               cstackCOMRAM 000018
___lldiv@quotient              cstackCOMRAM 00001D
___lwdiv                       text18       005A36
___lwdiv@counter               cstackCOMRAM 000022
___lwdiv@dividend              cstackCOMRAM 00001B
___lwdiv@divisor               cstackCOMRAM 00001D
___lwdiv@quotient              cstackCOMRAM 000020
___lwmod                       text5        005954
___lwmod@counter               cstackCOMRAM 000028
___lwmod@dividend              cstackCOMRAM 000023
___lwmod@divisor               cstackCOMRAM 000025
___sp                          stack        000000
___wmul                        text9        0058D8
___wmul@multiplicand           cstackCOMRAM 000016
___wmul@multiplier             cstackCOMRAM 000014
___wmul@product                cstackCOMRAM 000018
__accesstop                    (abs)        000060
__activetblptr                 (abs)        000002
__end_of_Delay1KTCYx           text10       00587A
__end_of_ReadUSART             text24       0058AC
__end_of___awmod               text19       005D10
__end_of___lldiv               text2        005BE8
__end_of___lwdiv               text18       005A8C
__end_of___lwmod               text5        00599A
__end_of___wmul                text9        005912
__end_of__initialization       cinit        00594A
__end_of_clock_int_48MHz       text16       005A36
__end_of_habilita_canal_AD     text15       005868
__end_of_habilita_interrupcao  text14       005DB4
__end_of_iniws                 text7        007E5A
__end_of_interrupcao           intcode_body 0065F6
__end_of_inverte_saida         text13       0060B6
__end_of_ip                    mediumconst  007E69
__end_of_le_AD10bits           text6        005C74
__end_of_le_eeprom             text17       00588E
__end_of_main                  text0        005EAA
__end_of_nivel_alto            text23       0062FC
__end_of_nivel_baixo           text22       006432
__end_of_pg                    mediumconst  007FED
__end_of_pg1                   mediumconst  007FFE
__end_of_pg2                   mediumconst  007F39
__end_of_rede                  mediumconst  007E70
__end_of_sendnum               text4        0061CC
__end_of_sendr                 text3        005AE4
__end_of_senha                 mediumconst  007E76
__end_of_sputc                 text12       0058D8
__end_of_swputc                text11       005856
__end_of_taxa_serial           text1        005B62
__end_of_tempo_ms              text8        0059E2
__end_ofi2_inverte_saida       text21       005FB0
__initialization               cinit        005912
__mediumconst                  mediumconst  007E5A
__pbssBANK0                    bssBANK0     000060
__pbssCOMRAM                   bssCOMRAM    000036
__pcinit                       cinit        005912
__pcstackCOMRAM                cstackCOMRAM 000001
__pdataCOMRAM                  dataCOMRAM   000049
__pidataCOMRAM                 idataCOMRAM  005842
__pintcode                     intcode      001008
__pintcode_body                intcode_body 006432
__pmediumconst                 mediumconst  007E5A
__ptext0                       text0        005DB4
__ptext1                       text1        005AE4
__ptext10                      text10       005868
__ptext11                      text11       005846
__ptext12                      text12       0058AC
__ptext13                      text13       005FB0
__ptext14                      text14       005D10
__ptext15                      text15       005856
__ptext16                      text16       0059E2
__ptext17                      text17       00587A
__ptext18                      text18       005A36
__ptext19                      text19       005C74
__ptext2                       text2        005B62
__ptext21                      text21       005EAA
__ptext22                      text22       0062FC
__ptext23                      text23       0061CC
__ptext24                      text24       00588E
__ptext3                       text3        005A8C
__ptext4                       text4        0060B6
__ptext5                       text5        005954
__ptext6                       text6        005BE8
__ptext7                       text7        0065F6
__ptext8                       text8        00599A
__ptext9                       text9        0058D8
__ramtop                       ramtop       000800
__size_of_Delay1KTCYx          (abs)        000000
__size_of_ReadUSART            (abs)        000000
__size_of___awmod              (abs)        000000
__size_of___lldiv              (abs)        000000
__size_of___lwdiv              (abs)        000000
__size_of___lwmod              (abs)        000000
__size_of___wmul               (abs)        000000
__size_of_clock_int_48MHz      (abs)        000000
__size_of_habilita_canal_AD    (abs)        000000
__size_of_habilita_interrupcao (abs)        000000
__size_of_iniws                (abs)        000000
__size_of_interrupcao          (abs)        000000
__size_of_inverte_saida        (abs)        000000
__size_of_le_AD10bits          (abs)        000000
__size_of_le_eeprom            (abs)        000000
__size_of_main                 (abs)        000000
__size_of_nivel_alto           (abs)        000000
__size_of_nivel_baixo          (abs)        000000
__size_of_sendnum              (abs)        000000
__size_of_sendr                (abs)        000000
__size_of_sputc                (abs)        000000
__size_of_swputc               (abs)        000000
__size_of_taxa_serial          (abs)        000000
__size_of_tempo_ms             (abs)        000000
__size_ofi2_inverte_saida      (abs)        000000
__smallconst                   smallconst   000000
_clock_int_48MHz               text16       0059E2
_comando                       bssBANK0     000060
_flagsw                        bssCOMRAM    00003C
_habilita_canal_AD             text15       005856
_habilita_interrupcao          text14       005D10
_i                             bssCOMRAM    00003E
_iniws                         text7        0065F6
_interrupcao                   intcode      001008
_inverte_saida                 text13       005FB0
_ip                            mediumconst  007E5B
_k                             bssCOMRAM    000045
_le_AD10bits                   text6        005BE8
_le_eeprom                     text17       00587A
_m                             bssCOMRAM    000046
_main                          text0        005DB4
_n                             bssCOMRAM    000047
_nivel_alto                    text23       0061CC
_nivel_baixo                   text22       0062FC
_pg                            mediumconst  007F39
_pg1                           mediumconst  007FED
_pg2                           mediumconst  007E76
_pisca                         bssCOMRAM    000040
_rede                          mediumconst  007E69
_sendnum                       text4        0060B6
_sendr                         text3        005A8C
_senha                         mediumconst  007E70
_smid                          bssCOMRAM    000048
_sputc                         text12       0058AC
_start                         bssCOMRAM    000042
_swputc                        text11       005846
_taxa_serial                   text1        005AE4
_tempo_ms                      text8        00599A
end_of_initialization          cinit        00594A
habilita_canal_AD@canal        cstackCOMRAM 000014
habilita_interrupcao@tipo      cstackCOMRAM 000014
i2_inverte_saida               text21       005EAA
i2inverte_saida@pino           cstackCOMRAM 000001
iniws@i                        cstackCOMRAM 00001F
int_func                       intcode_body 006432
intlevel0                      text         000000
intlevel1                      text         000000
intlevel2                      text         000000
intlevel3                      text         000000
inverte_saida@pino             cstackCOMRAM 000014
le_AD10bits@conv               cstackCOMRAM 000020
le_eeprom@endereco             cstackCOMRAM 000014
nivel_alto@pino                cstackCOMRAM 000001
nivel_baixo@pino               cstackCOMRAM 000001
sendnum@sannum                 cstackCOMRAM 000029
sendr@st                       cstackCOMRAM 000017
sputc@c                        cstackCOMRAM 000016
stackhi                        (abs)        0007FF
stacklo                        (abs)        0000A0
start                          init         001018
start_initialization           cinit        005912
swputc@c                       cstackCOMRAM 000014
taxa_serial@baud_sanusb        cstackCOMRAM 00002E
taxa_serial@taxa               cstackCOMRAM 000022
tempo_ms@i                     cstackCOMRAM 00001A
tempo_ms@k                     cstackCOMRAM 00001C


FUNCTION INFORMATION:

 *************** function _main *****************
 Defined at:
		line 117 in file "WiflySanUSB.c"
 Parameters:    Size  Location     Type
		None
 Auto vars:     Size  Location     Type
		None
 Return value:  Size  Location     Type
		None               void
 Registers used:
		wreg, status,2, status,0, tblptrl, tblptrh, tblptru, prodl, prodh, cstack
 Tracked objects:
		On entry : 
		On exit  : 
		Unchanged: 
 Data sizes:     COMRAM   BANK0   BANK1   BANK2   BANK3   BANK4   BANK5   BANK6   BANK7
      Params:         0       0       0       0       0       0       0       0       0
      Locals:         0       0       0       0       0       0       0       0       0
      Temps:          4       0       0       0       0       0       0       0       0
      Totals:         4       0       0       0       0       0       0       0       0
Total ram usage:        4 bytes
 Hardware stack levels required when called:    5
 This function calls:
		_clock_int_48MHz
		_habilita_canal_AD
		_habilita_interrupcao
		_iniws
		_le_AD10bits
		_sendnum
		_sendr
		_sputc
		_taxa_serial
		_tempo_ms
 This function is called by:
		Startup code after reset
 This function uses a non-reentrant model


 *************** function _taxa_serial *****************
 Defined at:
		line 441 in file "SanUSB48X.h"
 Parameters:    Size  Location     Type
  taxa            4   33[COMRAM] unsigned long 
 Auto vars:     Size  Location     Type
  baud_sanusb     4   45[COMRAM] unsigned long 
 Return value:  Size  Location     Type
		None               void
 Registers used:
		wreg, status,2, status,0, cstack
 Tracked objects:
		On entry : 
		On exit  : 
		Unchanged: 
 Data sizes:     COMRAM   BANK0   BANK1   BANK2   BANK3   BANK4   BANK5   BANK6   BANK7
      Params:         4       0       0       0       0       0       0       0       0
      Locals:         4       0       0       0       0       0       0       0       0
      Temps:          8       0       0       0       0       0       0       0       0
      Totals:        16       0       0       0       0       0       0       0       0
Total ram usage:       16 bytes
 Hardware stack levels used:    1
 Hardware stack levels required when called:    3
 This function calls:
		___lldiv
 This function is called by:
		_main
 This function uses a non-reentrant model


 *************** function ___lldiv *****************
 Defined at:
		line 8 in file "C:\Program Files (x86)\Microchip\xc8\v1.31\sources\common\lldiv.c"
 Parameters:    Size  Location     Type
  dividend        4   19[COMRAM] unsigned long 
  divisor         4   23[COMRAM] unsigned long 
 Auto vars:     Size  Location     Type
  quotient        4   28[COMRAM] unsigned long 
  counter         1   32[COMRAM] unsigned char 
 Return value:  Size  Location     Type
                  4   19[COMRAM] unsigned long 
 Registers used:
		wreg, status,2, status,0
 Tracked objects:
		On entry : 
		On exit  : 
		Unchanged: 
 Data sizes:     COMRAM   BANK0   BANK1   BANK2   BANK3   BANK4   BANK5   BANK6   BANK7
      Params:         8       0       0       0       0       0       0       0       0
      Locals:         5       0       0       0       0       0       0       0       0
      Temps:          1       0       0       0       0       0       0       0       0
      Totals:        14       0       0       0       0       0       0       0       0
Total ram usage:       14 bytes
 Hardware stack levels used:    1
 Hardware stack levels required when called:    2
 This function calls:
		Nothing
 This function is called by:
		_taxa_serial
 This function uses a non-reentrant model


 *************** function _sendr *****************
 Defined at:
		line 477 in file "SanUSB48X.h"
 Parameters:    Size  Location     Type
  st              2   22[COMRAM] PTR unsigned char 
		 -> pg2(195), pg1(17), pg(180), 
 Auto vars:     Size  Location     Type
		None
 Return value:  Size  Location     Type
		None               void
 Registers used:
		wreg, status,2, status,0, tblptrl, tblptrh, tblptru, prodl, prodh, cstack
 Tracked objects:
		On entry : 
		On exit  : 
		Unchanged: 
 Data sizes:     COMRAM   BANK0   BANK1   BANK2   BANK3   BANK4   BANK5   BANK6   BANK7
      Params:         2       0       0       0       0       0       0       0       0
      Locals:         0       0       0       0       0       0       0       0       0
      Temps:          2       0       0       0       0       0       0       0       0
      Totals:         4       0       0       0       0       0       0       0       0
Total ram usage:        4 bytes
 Hardware stack levels used:    1
 Hardware stack levels required when called:    3
 This function calls:
		_sputc
 This function is called by:
		_main
 This function uses a non-reentrant model


 *************** function _sendnum *****************
 Defined at:
		line 488 in file "SanUSB48X.h"
 Parameters:    Size  Location     Type
  sannum          2   40[COMRAM] unsigned int 
 Auto vars:     Size  Location     Type
		None
 Return value:  Size  Location     Type
		None               void
 Registers used:
		wreg, status,2, status,0, cstack
 Tracked objects:
		On entry : 
		On exit  : 
		Unchanged: 
 Data sizes:     COMRAM   BANK0   BANK1   BANK2   BANK3   BANK4   BANK5   BANK6   BANK7
      Params:         2       0       0       0       0       0       0       0       0
      Locals:         0       0       0       0       0       0       0       0       0
      Temps:          0       0       0       0       0       0       0       0       0
      Totals:         2       0       0       0       0       0       0       0       0
Total ram usage:        2 bytes
 Hardware stack levels used:    1
 Hardware stack levels required when called:    3
 This function calls:
		___lwdiv
		___lwmod
		_swputc
 This function is called by:
		_main
 This function uses a non-reentrant model


 *************** function ___lwmod *****************
 Defined at:
		line 8 in file "C:\Program Files (x86)\Microchip\xc8\v1.31\sources\common\lwmod.c"
 Parameters:    Size  Location     Type
  dividend        2   34[COMRAM] unsigned int 
  divisor         2   36[COMRAM] unsigned int 
 Auto vars:     Size  Location     Type
  counter         1   39[COMRAM] unsigned char 
 Return value:  Size  Location     Type
                  2   34[COMRAM] unsigned int 
 Registers used:
		wreg, status,2, status,0
 Tracked objects:
		On entry : 
		On exit  : 
		Unchanged: 
 Data sizes:     COMRAM   BANK0   BANK1   BANK2   BANK3   BANK4   BANK5   BANK6   BANK7
      Params:         4       0       0       0       0       0       0       0       0
      Locals:         1       0       0       0       0       0       0       0       0
      Temps:          1       0       0       0       0       0       0       0       0
      Totals:         6       0       0       0       0       0       0       0       0
Total ram usage:        6 bytes
 Hardware stack levels used:    1
 Hardware stack levels required when called:    2
 This function calls:
		Nothing
 This function is called by:
		_sendnum
 This function uses a non-reentrant model


 *************** function _le_AD10bits *****************
 Defined at:
		line 335 in file "SanUSB48X.h"
 Parameters:    Size  Location     Type
  conv            1    wreg     unsigned char 
 Auto vars:     Size  Location     Type
  conv            1   31[COMRAM] unsigned char 
 Return value:  Size  Location     Type
                  2   29[COMRAM] unsigned int 
 Registers used:
		wreg, status,2, status,0, prodl, prodh, cstack
 Tracked objects:
		On entry : 
		On exit  : 
		Unchanged: 
 Data sizes:     COMRAM   BANK0   BANK1   BANK2   BANK3   BANK4   BANK5   BANK6   BANK7
      Params:         2       0       0       0       0       0       0       0       0
      Locals:         1       0       0       0       0       0       0       0       0
      Temps:          0       0       0       0       0       0       0       0       0
      Totals:         3       0       0       0       0       0       0       0       0
Total ram usage:        3 bytes
 Hardware stack levels used:    1
 Hardware stack levels required when called:    4
 This function calls:
		_tempo_ms
 This function is called by:
		_main
 This function uses a non-reentrant model


 *************** function _iniws *****************
 Defined at:
		line 6 in file "confws.h"
 Parameters:    Size  Location     Type
		None
 Auto vars:     Size  Location     Type
  i               1   30[COMRAM] unsigned char 
 Return value:  Size  Location     Type
		None               void
 Registers used:
		wreg, status,2, status,0, tblptrl, tblptrh, tblptru, prodl, prodh, cstack
 Tracked objects:
		On entry : 
		On exit  : 
		Unchanged: 
 Data sizes:     COMRAM   BANK0   BANK1   BANK2   BANK3   BANK4   BANK5   BANK6   BANK7
      Params:         0       0       0       0       0       0       0       0       0
      Locals:         1       0       0       0       0       0       0       0       0
      Temps:          1       0       0       0       0       0       0       0       0
      Totals:         2       0       0       0       0       0       0       0       0
Total ram usage:        2 bytes
 Hardware stack levels used:    1
 Hardware stack levels required when called:    4
 This function calls:
		_inverte_saida
		_sputc
		_swputc
		_tempo_ms
 This function is called by:
		_main
 This function uses a non-reentrant model


 *************** function _tempo_ms *****************
 Defined at:
		line 291 in file "SanUSB48X.h"
 Parameters:    Size  Location     Type
  i               2   25[COMRAM] unsigned int 
 Auto vars:     Size  Location     Type
  k               2   27[COMRAM] unsigned int 
 Return value:  Size  Location     Type
		None               void
 Registers used:
		wreg, status,2, status,0, prodl, prodh, cstack
 Tracked objects:
		On entry : 
		On exit  : 
		Unchanged: 
 Data sizes:     COMRAM   BANK0   BANK1   BANK2   BANK3   BANK4   BANK5   BANK6   BANK7
      Params:         2       0       0       0       0       0       0       0       0
      Locals:         2       0       0       0       0       0       0       0       0
      Temps:          0       0       0       0       0       0       0       0       0
      Totals:         4       0       0       0       0       0       0       0       0
Total ram usage:        4 bytes
 Hardware stack levels used:    1
 Hardware stack levels required when called:    3
 This function calls:
		_Delay1KTCYx
		___wmul
 This function is called by:
		_le_AD10bits
		_iniws
		_main
		_le_AD8bits
 This function uses a non-reentrant model


 *************** function ___wmul *****************
 Defined at:
		line 3 in file "C:\Program Files (x86)\Microchip\xc8\v1.31\sources\common\wmul.c"
 Parameters:    Size  Location     Type
  multiplier      2   19[COMRAM] unsigned int 
  multiplicand    2   21[COMRAM] unsigned int 
 Auto vars:     Size  Location     Type
  product         2   23[COMRAM] unsigned int 
 Return value:  Size  Location     Type
                  2   19[COMRAM] unsigned int 
 Registers used:
		wreg, status,2, status,0, prodl, prodh
 Tracked objects:
		On entry : 
		On exit  : 
		Unchanged: 
 Data sizes:     COMRAM   BANK0   BANK1   BANK2   BANK3   BANK4   BANK5   BANK6   BANK7
      Params:         4       0       0       0       0       0       0       0       0
      Locals:         2       0       0       0       0       0       0       0       0
      Temps:          0       0       0       0       0       0       0       0       0
      Totals:         6       0       0       0       0       0       0       0       0
Total ram usage:        6 bytes
 Hardware stack levels used:    1
 Hardware stack levels required when called:    2
 This function calls:
		Nothing
 This function is called by:
		_tempo_ms
		_tempo_us
		_timer0_ms
		_SetaPWM1
		_SetaPWM2
 This function uses a non-reentrant model


 *************** function _Delay1KTCYx *****************
 Defined at:
		line 8 in file "C:\Program Files (x86)\Microchip\xc8\v1.31\sources\pic18\d1ktcyx.c"
 Parameters:    Size  Location     Type
  unit            1    wreg     unsigned char 
 Auto vars:     Size  Location     Type
  unit            1   19[COMRAM] unsigned char 
 Return value:  Size  Location     Type
		None               void
 Registers used:
		wreg
 Tracked objects:
		On entry : 
		On exit  : 
		Unchanged: 
 Data sizes:     COMRAM   BANK0   BANK1   BANK2   BANK3   BANK4   BANK5   BANK6   BANK7
      Params:         0       0       0       0       0       0       0       0       0
      Locals:         1       0       0       0       0       0       0       0       0
      Temps:          0       0       0       0       0       0       0       0       0
      Totals:         1       0       0       0       0       0       0       0       0
Total ram usage:        1 bytes
 Hardware stack levels used:    1
 Hardware stack levels required when called:    2
 This function calls:
		Nothing
 This function is called by:
		_tempo_ms
 This function uses a non-reentrant model


 *************** function _swputc *****************
 Defined at:
		line 461 in file "SanUSB48X.h"
 Parameters:    Size  Location     Type
  c               1    wreg     unsigned char 
 Auto vars:     Size  Location     Type
  c               1   19[COMRAM] unsigned char 
 Return value:  Size  Location     Type
		None               void
 Registers used:
		wreg, status,2, status,0
 Tracked objects:
		On entry : 
		On exit  : 
		Unchanged: 
 Data sizes:     COMRAM   BANK0   BANK1   BANK2   BANK3   BANK4   BANK5   BANK6   BANK7
      Params:         0       0       0       0       0       0       0       0       0
      Locals:         1       0       0       0       0       0       0       0       0
      Temps:          0       0       0       0       0       0       0       0       0
      Totals:         1       0       0       0       0       0       0       0       0
Total ram usage:        1 bytes
 Hardware stack levels used:    1
 Hardware stack levels required when called:    2
 This function calls:
		Nothing
 This function is called by:
		_sendnum
		_iniws
		_sendrw
		_sendsw
 This function uses a non-reentrant model


 *************** function _sputc *****************
 Defined at:
		line 466 in file "SanUSB48X.h"
 Parameters:    Size  Location     Type
  c               1    wreg     unsigned char 
 Auto vars:     Size  Location     Type
  c               1   21[COMRAM] unsigned char 
 Return value:  Size  Location     Type
		None               void
 Registers used:
		wreg, status,2, status,0
 Tracked objects:
		On entry : 
		On exit  : 
		Unchanged: 
 Data sizes:     COMRAM   BANK0   BANK1   BANK2   BANK3   BANK4   BANK5   BANK6   BANK7
      Params:         0       0       0       0       0       0       0       0       0
      Locals:         1       0       0       0       0       0       0       0       0
      Temps:          2       0       0       0       0       0       0       0       0
      Totals:         3       0       0       0       0       0       0       0       0
Total ram usage:        3 bytes
 Hardware stack levels used:    1
 Hardware stack levels required when called:    2
 This function calls:
		Nothing
 This function is called by:
		_sendr
		_iniws
		_main
		_sends
 This function uses a non-reentrant model


 *************** function _inverte_saida *****************
 Defined at:
		line 229 in file "SanUSB48X.h"
 Parameters:    Size  Location     Type
  pino            2   19[COMRAM] unsigned int 
 Auto vars:     Size  Location     Type
		None
 Return value:  Size  Location     Type
		None               void
 Registers used:
		wreg, status,2, status,0
 Tracked objects:
		On entry : 
		On exit  : 
		Unchanged: 
 Data sizes:     COMRAM   BANK0   BANK1   BANK2   BANK3   BANK4   BANK5   BANK6   BANK7
      Params:         2       0       0       0       0       0       0       0       0
      Locals:         0       0       0       0       0       0       0       0       0
      Temps:          2       0       0       0       0       0       0       0       0
      Totals:         4       0       0       0       0       0       0       0       0
Total ram usage:        4 bytes
 Hardware stack levels used:    1
 Hardware stack levels required when called:    2
 This function calls:
		Nothing
 This function is called by:
		_iniws
 This function uses a non-reentrant model


 *************** function _habilita_interrupcao *****************
 Defined at:
		line 69 in file "SanUSB48X.h"
 Parameters:    Size  Location     Type
  tipo            2   19[COMRAM] unsigned int 
 Auto vars:     Size  Location     Type
		None
 Return value:  Size  Location     Type
		None               void
 Registers used:
		wreg, status,2, status,0
 Tracked objects:
		On entry : 
		On exit  : 
		Unchanged: 
 Data sizes:     COMRAM   BANK0   BANK1   BANK2   BANK3   BANK4   BANK5   BANK6   BANK7
      Params:         2       0       0       0       0       0       0       0       0
      Locals:         0       0       0       0       0       0       0       0       0
      Temps:          2       0       0       0       0       0       0       0       0
      Totals:         4       0       0       0       0       0       0       0       0
Total ram usage:        4 bytes
 Hardware stack levels used:    1
 Hardware stack levels required when called:    2
 This function calls:
		Nothing
 This function is called by:
		_main
 This function uses a non-reentrant model


 *************** function _habilita_canal_AD *****************
 Defined at:
		line 312 in file "SanUSB48X.h"
 Parameters:    Size  Location     Type
  canal           1    wreg     unsigned char 
 Auto vars:     Size  Location     Type
  canal           1   19[COMRAM] unsigned char 
 Return value:  Size  Location     Type
		None               void
 Registers used:
		wreg, status,2, status,0
 Tracked objects:
		On entry : 
		On exit  : 
		Unchanged: 
 Data sizes:     COMRAM   BANK0   BANK1   BANK2   BANK3   BANK4   BANK5   BANK6   BANK7
      Params:         0       0       0       0       0       0       0       0       0
      Locals:         1       0       0       0       0       0       0       0       0
      Temps:          0       0       0       0       0       0       0       0       0
      Totals:         1       0       0       0       0       0       0       0       0
Total ram usage:        1 bytes
 Hardware stack levels used:    1
 Hardware stack levels required when called:    2
 This function calls:
		Nothing
 This function is called by:
		_main
 This function uses a non-reentrant model


 *************** function _clock_int_48MHz *****************
 Defined at:
		line 430 in file "SanUSB48X.h"
 Parameters:    Size  Location     Type
		None
 Auto vars:     Size  Location     Type
		None
 Return value:  Size  Location     Type
		None               void
 Registers used:
		wreg, status,2, status,0, prodl, cstack
 Tracked objects:
		On entry : 
		On exit  : 
		Unchanged: 
 Data sizes:     COMRAM   BANK0   BANK1   BANK2   BANK3   BANK4   BANK5   BANK6   BANK7
      Params:         0       0       0       0       0       0       0       0       0
      Locals:         0       0       0       0       0       0       0       0       0
      Temps:          0       0       0       0       0       0       0       0       0
      Totals:         0       0       0       0       0       0       0       0       0
Total ram usage:        0 bytes
 Hardware stack levels used:    1
 Hardware stack levels required when called:    3
 This function calls:
		___awmod
		___lwdiv
		_le_eeprom
 This function is called by:
		_main
 This function uses a non-reentrant model


 *************** function _le_eeprom *****************
 Defined at:
		line 420 in file "SanUSB48X.h"
 Parameters:    Size  Location     Type
  endereco        1    wreg     unsigned char 
 Auto vars:     Size  Location     Type
  endereco        1   19[COMRAM] unsigned char 
 Return value:  Size  Location     Type
                  1    wreg      unsigned char 
 Registers used:
		wreg, status,2
 Tracked objects:
		On entry : 
		On exit  : 
		Unchanged: 
 Data sizes:     COMRAM   BANK0   BANK1   BANK2   BANK3   BANK4   BANK5   BANK6   BANK7
      Params:         0       0       0       0       0       0       0       0       0
      Locals:         1       0       0       0       0       0       0       0       0
      Temps:          0       0       0       0       0       0       0       0       0
      Totals:         1       0       0       0       0       0       0       0       0
Total ram usage:        1 bytes
 Hardware stack levels used:    1
 Hardware stack levels required when called:    2
 This function calls:
		Nothing
 This function is called by:
		_clock_int_48MHz
 This function uses a non-reentrant model


 *************** function ___lwdiv *****************
 Defined at:
		line 8 in file "C:\Program Files (x86)\Microchip\xc8\v1.31\sources\common\lwdiv.c"
 Parameters:    Size  Location     Type
  dividend        2   26[COMRAM] unsigned int 
  divisor         2   28[COMRAM] unsigned int 
 Auto vars:     Size  Location     Type
  quotient        2   31[COMRAM] unsigned int 
  counter         1   33[COMRAM] unsigned char 
 Return value:  Size  Location     Type
                  2   26[COMRAM] unsigned int 
 Registers used:
		wreg, status,2, status,0
 Tracked objects:
		On entry : 
		On exit  : 
		Unchanged: 
 Data sizes:     COMRAM   BANK0   BANK1   BANK2   BANK3   BANK4   BANK5   BANK6   BANK7
      Params:         4       0       0       0       0       0       0       0       0
      Locals:         3       0       0       0       0       0       0       0       0
      Temps:          1       0       0       0       0       0       0       0       0
      Totals:         8       0       0       0       0       0       0       0       0
Total ram usage:        8 bytes
 Hardware stack levels used:    1
 Hardware stack levels required when called:    2
 This function calls:
		Nothing
 This function is called by:
		_clock_int_48MHz
		_sendnum
 This function uses a non-reentrant model


 *************** function ___awmod *****************
 Defined at:
		line 8 in file "C:\Program Files (x86)\Microchip\xc8\v1.31\sources\common\awmod.c"
 Parameters:    Size  Location     Type
  dividend        2   19[COMRAM] int 
  divisor         2   21[COMRAM] int 
 Auto vars:     Size  Location     Type
  sign            1   25[COMRAM] unsigned char 
  counter         1   24[COMRAM] unsigned char 
 Return value:  Size  Location     Type
                  2   19[COMRAM] int 
 Registers used:
		wreg, status,2, status,0, prodl
 Tracked objects:
		On entry : 
		On exit  : 
		Unchanged: 
 Data sizes:     COMRAM   BANK0   BANK1   BANK2   BANK3   BANK4   BANK5   BANK6   BANK7
      Params:         4       0       0       0       0       0       0       0       0
      Locals:         2       0       0       0       0       0       0       0       0
      Temps:          1       0       0       0       0       0       0       0       0
      Totals:         7       0       0       0       0       0       0       0       0
Total ram usage:        7 bytes
 Hardware stack levels used:    1
 Hardware stack levels required when called:    2
 This function calls:
		Nothing
 This function is called by:
		_clock_int_48MHz
 This function uses a non-reentrant model


 *************** function _interrupcao *****************
 Defined at:
		line 48 in file "WiflySanUSB.c"
 Parameters:    Size  Location     Type
		None
 Auto vars:     Size  Location     Type
		None
 Return value:  Size  Location     Type
		None               void
 Registers used:
		wreg, fsr2l, fsr2h, status,2, status,0, prodl, prodh, cstack
 Tracked objects:
		On entry : 
		On exit  : 
		Unchanged: 
 Data sizes:     COMRAM   BANK0   BANK1   BANK2   BANK3   BANK4   BANK5   BANK6   BANK7
      Params:         0       0       0       0       0       0       0       0       0
      Locals:         0       0       0       0       0       0       0       0       0
      Temps:         15       0       0       0       0       0       0       0       0
      Totals:        15       0       0       0       0       0       0       0       0
Total ram usage:       15 bytes
 Hardware stack levels used:    1
 Hardware stack levels required when called:    1
 This function calls:
		_ReadUSART
		_nivel_alto
		_nivel_baixo
		i2_inverte_saida
 This function is called by:
		Interrupt level 2
 This function uses a non-reentrant model


 *************** function i2_inverte_saida *****************
 Defined at:
		line 229 in file "SanUSB48X.h"
 Parameters:    Size  Location     Type
  pino            2    0[COMRAM] unsigned int 
 Auto vars:     Size  Location     Type
		None
 Return value:  Size  Location     Type
		None               void
 Registers used:
		wreg, status,2, status,0
 Tracked objects:
		On entry : 
		On exit  : 
		Unchanged: 
 Data sizes:     COMRAM   BANK0   BANK1   BANK2   BANK3   BANK4   BANK5   BANK6   BANK7
      Params:         2       0       0       0       0       0       0       0       0
      Locals:         0       0       0       0       0       0       0       0       0
      Temps:          2       0       0       0       0       0       0       0       0
      Totals:         4       0       0       0       0       0       0       0       0
Total ram usage:        4 bytes
 Hardware stack levels used:    1
 This function calls:
		Nothing
 This function is called by:
		_interrupcao
 This function uses a non-reentrant model


 *************** function _nivel_baixo *****************
 Defined at:
		line 200 in file "SanUSB48X.h"
 Parameters:    Size  Location     Type
  pino            2    0[COMRAM] unsigned int 
 Auto vars:     Size  Location     Type
		None
 Return value:  Size  Location     Type
		None               void
 Registers used:
		wreg, status,2, status,0
 Tracked objects:
		On entry : 
		On exit  : 
		Unchanged: 
 Data sizes:     COMRAM   BANK0   BANK1   BANK2   BANK3   BANK4   BANK5   BANK6   BANK7
      Params:         2       0       0       0       0       0       0       0       0
      Locals:         0       0       0       0       0       0       0       0       0
      Temps:          2       0       0       0       0       0       0       0       0
      Totals:         4       0       0       0       0       0       0       0       0
Total ram usage:        4 bytes
 Hardware stack levels used:    1
 This function calls:
		Nothing
 This function is called by:
		_interrupcao
 This function uses a non-reentrant model


 *************** function _nivel_alto *****************
 Defined at:
		line 170 in file "SanUSB48X.h"
 Parameters:    Size  Location     Type
  pino            2    0[COMRAM] unsigned int 
 Auto vars:     Size  Location     Type
		None
 Return value:  Size  Location     Type
		None               void
 Registers used:
		wreg, status,2, status,0
 Tracked objects:
		On entry : 
		On exit  : 
		Unchanged: 
 Data sizes:     COMRAM   BANK0   BANK1   BANK2   BANK3   BANK4   BANK5   BANK6   BANK7
      Params:         2       0       0       0       0       0       0       0       0
      Locals:         0       0       0       0       0       0       0       0       0
      Temps:          2       0       0       0       0       0       0       0       0
      Totals:         4       0       0       0       0       0       0       0       0
Total ram usage:        4 bytes
 Hardware stack levels used:    1
 This function calls:
		Nothing
 This function is called by:
		_interrupcao
 This function uses a non-reentrant model


 *************** function _ReadUSART *****************
 Defined at:
		line 15 in file "C:\Program Files (x86)\Microchip\xc8\v1.31\sources\pic18\plib\USART\uread.c"
 Parameters:    Size  Location     Type
		None
 Auto vars:     Size  Location     Type
  data            1    0[COMRAM] unsigned char 
 Return value:  Size  Location     Type
                  1    wreg      unsigned char 
 Registers used:
		wreg, status,2, status,0
 Tracked objects:
		On entry : 
		On exit  : 
		Unchanged: 
 Data sizes:     COMRAM   BANK0   BANK1   BANK2   BANK3   BANK4   BANK5   BANK6   BANK7
      Params:         0       0       0       0       0       0       0       0       0
      Locals:         1       0       0       0       0       0       0       0       0
      Temps:          0       0       0       0       0       0       0       0       0
      Totals:         1       0       0       0       0       0       0       0       0
Total ram usage:        1 bytes
 Hardware stack levels used:    1
 This function calls:
		Nothing
 This function is called by:
		_interrupcao
 This function uses a non-reentrant model



MODULE INFORMATION

Module		Function		Class		Link	Load	Size
C:\Program Files (x86)\Microchip\xc8\v1.31\sources\common\lwmod.c
		___lwmod       		CODE           	5954	0000	70

C:\Program Files (x86)\Microchip\xc8\v1.31\sources\common\lwmod.c estimated size: 70

SanUSB48X.h
		_nivel_alto    		CODE           	61CC	0000	304
		_habilita_inter		CODE           	5D10	0000	164
		_taxa_serial   		CODE           	5AE4	0000	126
		_sendr         		CODE           	5A8C	0000	88
		_inverte_saida 		CODE           	5FB0	0000	262
		_le_eeprom     		CODE           	587A	0000	20
		_tempo_ms      		CODE           	599A	0000	72
		_clock_int_48MH		CODE           	59E2	0000	84
		_habilita_canal		CODE           	5856	0000	18
		_le_AD10bits   		CODE           	5BE8	0000	140
		_sputc         		CODE           	58AC	0000	44
		_swputc        		CODE           	5846	0000	16
		_sendnum       		CODE           	60B6	0000	278
		_nivel_baixo   		CODE           	62FC	0000	310

SanUSB48X.h estimated size: 1926

C:\Program Files (x86)\Microchip\xc8\v1.31\sources\common\lwdiv.c
		___lwdiv       		CODE           	5A36	0000	86

C:\Program Files (x86)\Microchip\xc8\v1.31\sources\common\lwdiv.c estimated size: 86

C:\Program Files (x86)\Microchip\xc8\v1.31\sources\common\wmul.c
		___wmul        		CODE           	58D8	0000	58

C:\Program Files (x86)\Microchip\xc8\v1.31\sources\common\wmul.c estimated size: 58

WiflySanUSB.c
		_main          		CODE           	5DB4	0000	246
		_interrupcao   		CODE           	1008	0000	21998

WiflySanUSB.c estimated size: 22244

shared
		_rede          		MEDIUMCONST    	7E69	0000	7
		_pg            		MEDIUMCONST    	7F39	0000	180
		__initializatio		CODE           	5912	0000	56
		_pg1           		MEDIUMCONST    	7FED	0000	17
		_ip            		MEDIUMCONST    	7E5B	0000	14
		_pg2           		MEDIUMCONST    	7E76	0000	195
		i2_inverte_said		CODE           	5EAA	0000	262
		_senha         		MEDIUMCONST    	7E70	0000	6

shared estimated size: 737

C:\Program Files (x86)\Microchip\xc8\v1.31\sources\pic18\plib\USART\uread.c
		_ReadUSART     		CODE           	588E	0000	30

C:\Program Files (x86)\Microchip\xc8\v1.31\sources\pic18\plib\USART\uread.c estimated size: 30

C:\Program Files (x86)\Microchip\xc8\v1.31\sources\common\lldiv.c
		___lldiv       		CODE           	5B62	0000	134

C:\Program Files (x86)\Microchip\xc8\v1.31\sources\common\lldiv.c estimated size: 134

C:\Program Files (x86)\Microchip\xc8\v1.31\sources\pic18\d1ktcyx.c
		_Delay1KTCYx   		CODE           	5868	0000	18

C:\Program Files (x86)\Microchip\xc8\v1.31\sources\pic18\d1ktcyx.c estimated size: 18

confws.h
		_iniws         		CODE           	65F6	0000	6244

confws.h estimated size: 6244

C:\Program Files (x86)\Microchip\xc8\v1.31\sources\common\awmod.c
		___awmod       		CODE           	5C74	0000	156

C:\Program Files (x86)\Microchip\xc8\v1.31\sources\common\awmod.c estimated size: 156

